// Jest Snapshot v1, https://goo.gl/fbAQLP

exports[`renders Alert unchanged 1`] = `
<div>
  <blockquote
    class="alert group relative  text-base px-4 py-1 border-error bg-[var(--error-color-25)] outline-error text-dark border-s-8"
    data-testid="alert"
    role="alert"
  >
    <div
      class="text-size-inherit mb-[1em] mt-[1em]"
    >
      <p>
        <strong>
          Ugh umami
        </strong>
         bacon butcher 
        <a
          href="#"
        >
          pickled kogi
        </a>
         stumptown, 
        <em>
          subway tile
        </em>
         gatekeep flexitarian.
      </p>
    </div>
  </blockquote>
</div>
`;
