// Jest Snapshot v1, https://goo.gl/fbAQLP

exports[`renders Button unchanged 1`] = `
<div>
  <button
    class="button group flex gap-2 items-center justify-center group-[.flex-col]:justify-start scale-100 font-semibold tracking-widest text-base p-3 border-4 capitalize bg-primary text-light  border-none disabled:opacity-50 disabled:grayscale disabled:text-gray-400 focus-visible:outline-none hover:scale-110 hover:group-[.buttongroup]:scale-100  hover:disabled:scale-100 hover:group-[.buttongroup]:opacity-50 focus:opacity-50 focus-visible:opacity-50 focus-within:opacity-50"
    data-testid="button"
    role="button"
    type="button"
  >
    Click!
  </button>
</div>
`;
