// Jest Snapshot v1, https://goo.gl/fbAQLP

exports[`renders Input unchanged 1`] = `
<div>
  <input
    class="input form-input w-full rounded-md group border-gray-400 shadow-sm font-normal text-inherit leading-inherit required:bg-accent invalid:ring-danger disabled:bg-neutral"
    data-testid="input"
    type="text"
    value=""
  />
</div>
`;
